// Jest Snapshot v1, https://goo.gl/fbAQLP

exports[`renders correctly 1`] = `
<div
  className="flag-sprite"
  dangerouslySetInnerHTML={
    Object {
      "__html": "test-file-stub",
    }
  }
/>
`;
